>s = input.http("foo")
#^^^^^^^^^^^^^^^ source.liquidsoap
#               ^ source.liquidsoap string.quoted.double.liquidsoap
#                ^^^ source.liquidsoap string.quoted.double.liquidsoap
#                   ^ source.liquidsoap string.quoted.double.liquidsoap
#                    ^^ source.liquidsoap
>output.srt(port=10001, %ffmpeg(%audio.copy), fallible=true, s)
#^^^^^^^^^^^^^^^^ source.liquidsoap
#                ^^^^^ source.liquidsoap constant.numeric.integer
#                     ^^^^^^^^^^^^^^^^^^^^^^^^^^^^^^^^^^^^^^^^^^ source.liquidsoap
>
>def f() =
#^^^ source.liquidsoap keyword.control.liquidsoap
#   ^^^^^^^ source.liquidsoap
>  test.pass()
#^^^^^^^^^^^^^^ source.liquidsoap
>end
#^^^ source.liquidsoap keyword.control.liquidsoap
>
>test.check(f)
#^^^^^^^^^^^^^^ source.liquidsoap
>