>def f() =
#^^^ source.liquidsoap keyword.control.liquidsoap
#   ^^^^^^^ source.liquidsoap
>  s = input.external.rawaudio(
#^^^^^^^^^^^^^^^^^^^^^^^^^^^^^^^ source.liquidsoap
>        channels=1, samplerate=44100, restart=true,
#^^^^^^^^^^^^^^^^^ source.liquidsoap
#                 ^ source.liquidsoap constant.numeric.integer
#                  ^^^^^^^^^^^^^ source.liquidsoap
#                               ^^^^^ source.liquidsoap constant.numeric.integer
#                                    ^^^^^^^^^^^^^^^^ source.liquidsoap
>        "ffmpeg -re -f lavfi -i sine=frequency=1000:duration=60 -f s16le -acodec pcm_s16le -ar 44100 -"
#^^^^^^^^ source.liquidsoap
#        ^ source.liquidsoap string.quoted.double.liquidsoap
#         ^^^^^^^^^^^^^^^^^^^^^^^^^^^^^^^^^^^^^^^^^^^^^^^^^^^^^^^^^^^^^^^^^^^^^^^^^^^^^^^^^^^^^^^^^^^^^ source.liquidsoap string.quoted.double.liquidsoap
#                                                                                                      ^ source.liquidsoap string.quoted.double.liquidsoap
>      )
#^^^^^^^^ source.liquidsoap
>
>  s = ffmpeg.encode.audio(
#^^^^^^^^^^^^^^^^^^^^^^^^^^^ source.liquidsoap
>        %ffmpeg(%audio(
#^^^^^^^^^^^^^^^^^^^^^^^^ source.liquidsoap
>          codec="libmp3lame", channels=1)
#^^^^^^^^^^^^^^^^ source.liquidsoap
#                ^ source.liquidsoap string.quoted.double.liquidsoap
#                 ^^^^^^^^^^ source.liquidsoap string.quoted.double.liquidsoap
#                           ^ source.liquidsoap string.quoted.double.liquidsoap
#                            ^^^^^^^^^^^ source.liquidsoap
#                                       ^ source.liquidsoap constant.numeric.integer
#                                        ^^ source.liquidsoap
>        ), s
#^^^^^^^^^^^^^ source.liquidsoap
>      )
#^^^^^^^^ source.liquidsoap
>
>  s = source.on_track(s, fun (_) -> test.pass())
#^^^^^^^^^^^^^^^^^^^^^^^^^ source.liquidsoap
#                         ^^^ source.liquidsoap keyword.control.liquidsoap
#                            ^^^^^^^^^^^^^^^^^^^^^ source.liquidsoap
>
>  output.dummy(fallible=true, s)
#^^^^^^^^^^^^^^^^^^^^^^^^^^^^^^^^^ source.liquidsoap
>end
#^^^ source.liquidsoap keyword.control.liquidsoap
>
>test.check(f)
#^^^^^^^^^^^^^^ source.liquidsoap
>