>def f() =
#^^^ source.liquidsoap keyword.control.liquidsoap
#   ^^^^^^^ source.liquidsoap
>  def a()
#^^ source.liquidsoap
#  ^^^ source.liquidsoap keyword.control.liquidsoap
#     ^^^^^ source.liquidsoap
>    def next()
#^^^^ source.liquidsoap
#    ^^^ source.liquidsoap keyword.control.liquidsoap
#       ^^^^^^^^ source.liquidsoap
>      error.raise(error.not_found, "test")
#^^^^^^^^^^^^^^^^^^^^^^^^^^^^^^^^^^^ source.liquidsoap
#                                   ^ source.liquidsoap string.quoted.double.liquidsoap
#                                    ^^^^ source.liquidsoap string.quoted.double.liquidsoap
#                                        ^ source.liquidsoap string.quoted.double.liquidsoap
#                                         ^^ source.liquidsoap
>    end
#^^^^ source.liquidsoap
#    ^^^ source.liquidsoap keyword.control.liquidsoap
>    request.dynamic(next)
#^^^^^^^^^^^^^^^^^^^^^^^^^^ source.liquidsoap
>  end
#^^ source.liquidsoap
#  ^^^ source.liquidsoap keyword.control.liquidsoap
>  output.dummy(fallible = true, a())
#^^^^^^^^^^^^^^^^^^^^^^^^^^^^^^^^^^^^^ source.liquidsoap
>
>  def a()
#^^ source.liquidsoap
#  ^^^ source.liquidsoap keyword.control.liquidsoap
#     ^^^^^ source.liquidsoap
>    def next()
#^^^^ source.liquidsoap
#    ^^^ source.liquidsoap keyword.control.liquidsoap
#       ^^^^^^^^ source.liquidsoap
>      error.raise(error.not_found, "test")
#^^^^^^^^^^^^^^^^^^^^^^^^^^^^^^^^^^^ source.liquidsoap
#                                   ^ source.liquidsoap string.quoted.double.liquidsoap
#                                    ^^^^ source.liquidsoap string.quoted.double.liquidsoap
#                                        ^ source.liquidsoap string.quoted.double.liquidsoap
#                                         ^^ source.liquidsoap
>    end
#^^^^ source.liquidsoap
#    ^^^ source.liquidsoap keyword.control.liquidsoap
>    native.request.dynamic(next)
#^^^^^^^^^^^^^^^^^^^^^^^^^^^^^^^^^ source.liquidsoap
>  end
#^^ source.liquidsoap
#  ^^^ source.liquidsoap keyword.control.liquidsoap
>  output.dummy(fallible = true, a())
#^^^^^^^^^^^^^^^^^^^^^^^^^^^^^^^^^^^^^ source.liquidsoap
>
>  thread.run(delay=1.,test.pass)
#^^^^^^^^^^^^^^^^^^^ source.liquidsoap
#                   ^ source.liquidsoap constant.numeric.integer
#                    ^^^^^^^^^^^^^ source.liquidsoap
>end
#^^^ source.liquidsoap keyword.control.liquidsoap
>
>test.check(f)
#^^^^^^^^^^^^^^ source.liquidsoap
>