>def f() =
#^^^ source.liquidsoap keyword.control.liquidsoap
#   ^^^^^^^ source.liquidsoap
>  x = false
#^^^^^^^^^^^^ source.liquidsoap
>
>  ignore(x)
#^^^^^^^^^^^^ source.liquidsoap
>
>#
#^^ source.liquidsoap comment.line.number-sign.liquidsoap
>  x = true
#^^^^^^^^^^^ source.liquidsoap
>
>  if x then test.pass() else test.fail () end
#^^ source.liquidsoap
#  ^^ source.liquidsoap keyword.control.liquidsoap
#    ^^^ source.liquidsoap
#       ^^^^ source.liquidsoap keyword.control.liquidsoap
#           ^^^^^^^^^^^^^ source.liquidsoap
#                        ^^^^ source.liquidsoap keyword.control.liquidsoap
#                            ^^^^^^^^^^^^^^ source.liquidsoap
#                                          ^^^ source.liquidsoap keyword.control.liquidsoap
>end
#^^^ source.liquidsoap keyword.control.liquidsoap
>
>test.check(f)
#^^^^^^^^^^^^^^ source.liquidsoap
>