># In LS-503 we realized that a source may throw an
#^^^^^^^^^^^^^^^^^^^^^^^^^^^^^^^^^^^^^^^^^^^^^^^^^^^ source.liquidsoap comment.line.number-sign.liquidsoap
># exception during output_get_ready call in the initial
#^^^^^^^^^^^^^^^^^^^^^^^^^^^^^^^^^^^^^^^^^^^^^^^^^^^^^^^^ source.liquidsoap comment.line.number-sign.liquidsoap
># main phase. This code reproduces the issue by throwing
#^^^^^^^^^^^^^^^^^^^^^^^^^^^^^^^^^^^^^^^^^^^^^^^^^^^^^^^^^ source.liquidsoap comment.line.number-sign.liquidsoap
># an exception in output.icecast.
#^^^^^^^^^^^^^^^^^^^^^^^^^^^^^^^^^^ source.liquidsoap comment.line.number-sign.liquidsoap
>
># Reopen stderr to /dev/null to
#^^^^^^^^^^^^^^^^^^^^^^^^^^^^^^^^ source.liquidsoap comment.line.number-sign.liquidsoap
># disable printing expected exception
#^^^^^^^^^^^^^^^^^^^^^^^^^^^^^^^^^^^^^^ source.liquidsoap comment.line.number-sign.liquidsoap
>#reopen.stderr("/dev/null")
#^^^^^^^^^^^^^^^^^^^^^^^^^^^^ source.liquidsoap comment.line.number-sign.liquidsoap
>
>on_cleanup(test.pass)
#^^^^^^^^^^^^^^^^^^^^^^ source.liquidsoap
>
>def on_error(_) =
#^^^ source.liquidsoap keyword.control.liquidsoap
#   ^^^^^^^^^^^^^^^ source.liquidsoap
>  shutdown()
#^^^^^^^^^^^^^ source.liquidsoap
>  3.
#^^ source.liquidsoap
#  ^ source.liquidsoap constant.numeric.integer
#   ^^ source.liquidsoap
>end
#^^^ source.liquidsoap keyword.control.liquidsoap
>
>p = noise()
#^^^^^^^^^^^^ source.liquidsoap
>o = output.icecast(%wav,fallible=true,host="nonexistent",
#^^^^^^^^^^^^^^^^^^^^^^^^^^^^^^^^^^^^^^^^^^^ source.liquidsoap
#                                           ^ source.liquidsoap string.quoted.double.liquidsoap
#                                            ^^^^^^^^^^^ source.liquidsoap string.quoted.double.liquidsoap
#                                                       ^ source.liquidsoap string.quoted.double.liquidsoap
#                                                        ^^ source.liquidsoap
>                    mount="test",on_error=on_error,p)
#^^^^^^^^^^^^^^^^^^^^^^^^^^ source.liquidsoap
#                          ^ source.liquidsoap string.quoted.double.liquidsoap
#                           ^^^^ source.liquidsoap string.quoted.double.liquidsoap
#                               ^ source.liquidsoap string.quoted.double.liquidsoap
#                                ^^^^^^^^^^^^^^^^^^^^^^ source.liquidsoap
>