>def f()
#^^^ source.liquidsoap keyword.control.liquidsoap
#   ^^^^^ source.liquidsoap
>  content_type = http.headers.content_type([
#^^^^^^^^^^^^^^^^^^^^^^^^^^^^^^^^^^^^^^^^^^^^^ source.liquidsoap
>    ("Content-Type", "text/html; charset=utf-8")
#^^^^^ source.liquidsoap
#     ^ source.liquidsoap string.quoted.double.liquidsoap
#      ^^^^^^^^^^^^ source.liquidsoap string.quoted.double.liquidsoap
#                  ^ source.liquidsoap string.quoted.double.liquidsoap
#                   ^^ source.liquidsoap
#                     ^ source.liquidsoap string.quoted.double.liquidsoap
#                      ^^^^^^^^^^^^^^^^^^^^^^^^ source.liquidsoap string.quoted.double.liquidsoap
#                                              ^ source.liquidsoap string.quoted.double.liquidsoap
#                                               ^^ source.liquidsoap
>  ])
#^^^^^ source.liquidsoap
>  test.equals(content_type, { mime="text/html", args=[("charset", "utf-8")] })
#^^^^^^^^^^^^^^^^^^^^^^^^^^^^^^^^^^^ source.liquidsoap
#                                   ^ source.liquidsoap string.quoted.double.liquidsoap
#                                    ^^^^^^^^^ source.liquidsoap string.quoted.double.liquidsoap
#                                             ^ source.liquidsoap string.quoted.double.liquidsoap
#                                              ^^^^^^^^^ source.liquidsoap
#                                                       ^ source.liquidsoap string.quoted.double.liquidsoap
#                                                        ^^^^^^^ source.liquidsoap string.quoted.double.liquidsoap
#                                                               ^ source.liquidsoap string.quoted.double.liquidsoap
#                                                                ^^ source.liquidsoap
#                                                                  ^ source.liquidsoap string.quoted.double.liquidsoap
#                                                                   ^^^^^ source.liquidsoap string.quoted.double.liquidsoap
#                                                                        ^ source.liquidsoap string.quoted.double.liquidsoap
#                                                                         ^^^^^^ source.liquidsoap
>
>  content_type = http.headers.content_type([
#^^^^^^^^^^^^^^^^^^^^^^^^^^^^^^^^^^^^^^^^^^^^^ source.liquidsoap
>    ("coNtent-tYpe", "multipart/form-data; boundary=something")
#^^^^^ source.liquidsoap
#     ^ source.liquidsoap string.quoted.double.liquidsoap
#      ^^^^^^^^^^^^ source.liquidsoap string.quoted.double.liquidsoap
#                  ^ source.liquidsoap string.quoted.double.liquidsoap
#                   ^^ source.liquidsoap
#                     ^ source.liquidsoap string.quoted.double.liquidsoap
#                      ^^^^^^^^^^^^^^^^^^^^^^^^^^^^^^^^^^^^^^^ source.liquidsoap string.quoted.double.liquidsoap
#                                                             ^ source.liquidsoap string.quoted.double.liquidsoap
#                                                              ^^ source.liquidsoap
>  ])
#^^^^^ source.liquidsoap
>  test.equals(content_type, { mime="multipart/form-data", args=[("boundary", "something")] })
#^^^^^^^^^^^^^^^^^^^^^^^^^^^^^^^^^^^ source.liquidsoap
#                                   ^ source.liquidsoap string.quoted.double.liquidsoap
#                                    ^^^^^^^^^^^^^^^^^^^ source.liquidsoap string.quoted.double.liquidsoap
#                                                       ^ source.liquidsoap string.quoted.double.liquidsoap
#                                                        ^^^^^^^^^ source.liquidsoap
#                                                                 ^ source.liquidsoap string.quoted.double.liquidsoap
#                                                                  ^^^^^^^^ source.liquidsoap string.quoted.double.liquidsoap
#                                                                          ^ source.liquidsoap string.quoted.double.liquidsoap
#                                                                           ^^ source.liquidsoap
#                                                                             ^ source.liquidsoap string.quoted.double.liquidsoap
#                                                                              ^^^^^^^^^ source.liquidsoap string.quoted.double.liquidsoap
#                                                                                       ^ source.liquidsoap string.quoted.double.liquidsoap
#                                                                                        ^^^^^^ source.liquidsoap
>
>  extname = http.headers.extname([
#^^^^^^^^^^^^^^^^^^^^^^^^^^^^^^^^^^^ source.liquidsoap
>    ("Content-Disposition", 'attachment; filename="filename.jpg"')
#^^^^^ source.liquidsoap
#     ^ source.liquidsoap string.quoted.double.liquidsoap
#      ^^^^^^^^^^^^^^^^^^^ source.liquidsoap string.quoted.double.liquidsoap
#                         ^ source.liquidsoap string.quoted.double.liquidsoap
#                          ^^ source.liquidsoap
#                            ^ source.liquidsoap string.quoted.single.liquidsoap
#                             ^^^^^^^^^^^^^^^^^^^^^^^^^^^^^^^^^^^ source.liquidsoap string.quoted.single.liquidsoap
#                                                                ^ source.liquidsoap string.quoted.single.liquidsoap
#                                                                 ^^ source.liquidsoap
>  ])
#^^^^^ source.liquidsoap
>  test.equals(extname, ".jpg")
#^^^^^^^^^^^^^^^^^^^^^^^ source.liquidsoap
#                       ^ source.liquidsoap string.quoted.double.liquidsoap
#                        ^^^^ source.liquidsoap string.quoted.double.liquidsoap
#                            ^ source.liquidsoap string.quoted.double.liquidsoap
#                             ^^ source.liquidsoap
>
>  extname = http.headers.extname([
#^^^^^^^^^^^^^^^^^^^^^^^^^^^^^^^^^^^ source.liquidsoap
>    ("Content-type", "audio/mpeg"),
#^^^^^ source.liquidsoap
#     ^ source.liquidsoap string.quoted.double.liquidsoap
#      ^^^^^^^^^^^^ source.liquidsoap string.quoted.double.liquidsoap
#                  ^ source.liquidsoap string.quoted.double.liquidsoap
#                   ^^ source.liquidsoap
#                     ^ source.liquidsoap string.quoted.double.liquidsoap
#                      ^^^^^^^^^^ source.liquidsoap string.quoted.double.liquidsoap
#                                ^ source.liquidsoap string.quoted.double.liquidsoap
#                                 ^^^ source.liquidsoap
>    ("Content-Disposition", 'attachment; filename="filename.jpg"')
#^^^^^ source.liquidsoap
#     ^ source.liquidsoap string.quoted.double.liquidsoap
#      ^^^^^^^^^^^^^^^^^^^ source.liquidsoap string.quoted.double.liquidsoap
#                         ^ source.liquidsoap string.quoted.double.liquidsoap
#                          ^^ source.liquidsoap
#                            ^ source.liquidsoap string.quoted.single.liquidsoap
#                             ^^^^^^^^^^^^^^^^^^^^^^^^^^^^^^^^^^^ source.liquidsoap string.quoted.single.liquidsoap
#                                                                ^ source.liquidsoap string.quoted.single.liquidsoap
#                                                                 ^^ source.liquidsoap
>  ])
#^^^^^ source.liquidsoap
>  test.equals(extname, ".jpg")
#^^^^^^^^^^^^^^^^^^^^^^^ source.liquidsoap
#                       ^ source.liquidsoap string.quoted.double.liquidsoap
#                        ^^^^ source.liquidsoap string.quoted.double.liquidsoap
#                            ^ source.liquidsoap string.quoted.double.liquidsoap
#                             ^^ source.liquidsoap
>
>  settings.http.mime.extnames := [("foo", ".bla")]
#^^^^^^^^^^^^^^^^^^^^^^^^^^^^^^^^^^^ source.liquidsoap
#                                   ^ source.liquidsoap string.quoted.double.liquidsoap
#                                    ^^^ source.liquidsoap string.quoted.double.liquidsoap
#                                       ^ source.liquidsoap string.quoted.double.liquidsoap
#                                        ^^ source.liquidsoap
#                                          ^ source.liquidsoap string.quoted.double.liquidsoap
#                                           ^^^^ source.liquidsoap string.quoted.double.liquidsoap
#                                               ^ source.liquidsoap string.quoted.double.liquidsoap
#                                                ^^^ source.liquidsoap
>
>  extname = http.headers.extname([
#^^^^^^^^^^^^^^^^^^^^^^^^^^^^^^^^^^^ source.liquidsoap
>    ("conTent-tyPe", "foo"),
#^^^^^ source.liquidsoap
#     ^ source.liquidsoap string.quoted.double.liquidsoap
#      ^^^^^^^^^^^^ source.liquidsoap string.quoted.double.liquidsoap
#                  ^ source.liquidsoap string.quoted.double.liquidsoap
#                   ^^ source.liquidsoap
#                     ^ source.liquidsoap string.quoted.double.liquidsoap
#                      ^^^ source.liquidsoap string.quoted.double.liquidsoap
#                         ^ source.liquidsoap string.quoted.double.liquidsoap
#                          ^^^ source.liquidsoap
>  ])
#^^^^^ source.liquidsoap
>  test.equals(extname, ".bla")
#^^^^^^^^^^^^^^^^^^^^^^^ source.liquidsoap
#                       ^ source.liquidsoap string.quoted.double.liquidsoap
#                        ^^^^ source.liquidsoap string.quoted.double.liquidsoap
#                            ^ source.liquidsoap string.quoted.double.liquidsoap
#                             ^^ source.liquidsoap
>
>  test.pass()
#^^^^^^^^^^^^^^ source.liquidsoap
>end
#^^^ source.liquidsoap keyword.control.liquidsoap
>
>test.check(f)
#^^^^^^^^^^^^^^ source.liquidsoap
>