>def f()
#^^^ source.liquidsoap keyword.control.liquidsoap
#   ^^^^^ source.liquidsoap
>  content_disposition = null.get(http.headers.content_disposition([
#^^^^^^^^^^^^^^^^^^^^^^^^^^^^^^^^^^^^^^^^^^^^^^^^^^^^^^^^^^^^^^^^^^^^ source.liquidsoap
>    ('Content-Disposition', 'inline')
#^^^^^ source.liquidsoap
#     ^ source.liquidsoap string.quoted.single.liquidsoap
#      ^^^^^^^^^^^^^^^^^^^ source.liquidsoap string.quoted.single.liquidsoap
#                         ^ source.liquidsoap string.quoted.single.liquidsoap
#                          ^^ source.liquidsoap
#                            ^ source.liquidsoap string.quoted.single.liquidsoap
#                             ^^^^^^ source.liquidsoap string.quoted.single.liquidsoap
#                                   ^ source.liquidsoap string.quoted.single.liquidsoap
#                                    ^^ source.liquidsoap
>  ]))
#^^^^^^ source.liquidsoap
>  test.equals(content_disposition.type, "inline")
#^^^^^^^^^^^^^^^^^^^^^^^^^^^^^^^^^^^^^^^^ source.liquidsoap
#                                        ^ source.liquidsoap string.quoted.double.liquidsoap
#                                         ^^^^^^ source.liquidsoap string.quoted.double.liquidsoap
#                                               ^ source.liquidsoap string.quoted.double.liquidsoap
#                                                ^^ source.liquidsoap
>  test.equals(content_disposition?.filename, null())
#^^^^^^^^^^^^^^^^^^^^^^^^^^^^^^^^^^^^^^^^^^^^^^^^^^^^^ source.liquidsoap
>  test.equals(content_disposition.args, [])
#^^^^^^^^^^^^^^^^^^^^^^^^^^^^^^^^^^^^^^^^^^^^ source.liquidsoap
>
>  content_disposition = null.get(http.headers.content_disposition([
#^^^^^^^^^^^^^^^^^^^^^^^^^^^^^^^^^^^^^^^^^^^^^^^^^^^^^^^^^^^^^^^^^^^^ source.liquidsoap
>    ('Content-Disposition', 'attachment; filename="filename.jpg"')
#^^^^^ source.liquidsoap
#     ^ source.liquidsoap string.quoted.single.liquidsoap
#      ^^^^^^^^^^^^^^^^^^^ source.liquidsoap string.quoted.single.liquidsoap
#                         ^ source.liquidsoap string.quoted.single.liquidsoap
#                          ^^ source.liquidsoap
#                            ^ source.liquidsoap string.quoted.single.liquidsoap
#                             ^^^^^^^^^^^^^^^^^^^^^^^^^^^^^^^^^^^ source.liquidsoap string.quoted.single.liquidsoap
#                                                                ^ source.liquidsoap string.quoted.single.liquidsoap
#                                                                 ^^ source.liquidsoap
>  ]))
#^^^^^^ source.liquidsoap
>  test.equals(content_disposition.type, "attachment")
#^^^^^^^^^^^^^^^^^^^^^^^^^^^^^^^^^^^^^^^^ source.liquidsoap
#                                        ^ source.liquidsoap string.quoted.double.liquidsoap
#                                         ^^^^^^^^^^ source.liquidsoap string.quoted.double.liquidsoap
#                                                   ^ source.liquidsoap string.quoted.double.liquidsoap
#                                                    ^^ source.liquidsoap
>  test.equals(content_disposition?.filename, "filename.jpg")
#^^^^^^^^^^^^^^^^^^^^^^^^^^^^^^^^^^^^^^^^^^^^^ source.liquidsoap
#                                             ^ source.liquidsoap string.quoted.double.liquidsoap
#                                              ^^^^^^^^^^^^ source.liquidsoap string.quoted.double.liquidsoap
#                                                          ^ source.liquidsoap string.quoted.double.liquidsoap
#                                                           ^^ source.liquidsoap
>  test.equals(content_disposition.args, [])
#^^^^^^^^^^^^^^^^^^^^^^^^^^^^^^^^^^^^^^^^^^^^ source.liquidsoap
>
>  content_disposition = null.get(http.headers.content_disposition([
#^^^^^^^^^^^^^^^^^^^^^^^^^^^^^^^^^^^^^^^^^^^^^^^^^^^^^^^^^^^^^^^^^^^^ source.liquidsoap
>    ('Content-Disposition', "attachment; filename*=UTF-8''Na%C3%AFve%20file.txt")
#^^^^^ source.liquidsoap
#     ^ source.liquidsoap string.quoted.single.liquidsoap
#      ^^^^^^^^^^^^^^^^^^^ source.liquidsoap string.quoted.single.liquidsoap
#                         ^ source.liquidsoap string.quoted.single.liquidsoap
#                          ^^ source.liquidsoap
#                            ^ source.liquidsoap string.quoted.double.liquidsoap
#                             ^^^^^^^^^^^^^^^^^^^^^^^^^^^^^^^^^^^^^^^^^^^^^^^^^^ source.liquidsoap string.quoted.double.liquidsoap
#                                                                               ^ source.liquidsoap string.quoted.double.liquidsoap
#                                                                                ^^ source.liquidsoap
>  ]))
#^^^^^^ source.liquidsoap
>  test.equals(content_disposition.type, "attachment")
#^^^^^^^^^^^^^^^^^^^^^^^^^^^^^^^^^^^^^^^^ source.liquidsoap
#                                        ^ source.liquidsoap string.quoted.double.liquidsoap
#                                         ^^^^^^^^^^ source.liquidsoap string.quoted.double.liquidsoap
#                                                   ^ source.liquidsoap string.quoted.double.liquidsoap
#                                                    ^^ source.liquidsoap
>  test.equals(content_disposition?.filename, "Na誰ve file.txt")
#^^^^^^^^^^^^^^^^^^^^^^^^^^^^^^^^^^^^^^^^^^^^^ source.liquidsoap
#                                             ^ source.liquidsoap string.quoted.double.liquidsoap
#                                              ^^^^^^^^^^^^^^ source.liquidsoap string.quoted.double.liquidsoap
#                                                            ^ source.liquidsoap string.quoted.double.liquidsoap
#                                                             ^^ source.liquidsoap
>  test.equals(content_disposition.args, [])
#^^^^^^^^^^^^^^^^^^^^^^^^^^^^^^^^^^^^^^^^^^^^ source.liquidsoap
>
>  content_disposition = null.get(http.headers.content_disposition([
#^^^^^^^^^^^^^^^^^^^^^^^^^^^^^^^^^^^^^^^^^^^^^^^^^^^^^^^^^^^^^^^^^^^^ source.liquidsoap
>    ('Content-Disposition', "attachment; filename=Na%C3%AFve%20file.txt")
#^^^^^ source.liquidsoap
#     ^ source.liquidsoap string.quoted.single.liquidsoap
#      ^^^^^^^^^^^^^^^^^^^ source.liquidsoap string.quoted.single.liquidsoap
#                         ^ source.liquidsoap string.quoted.single.liquidsoap
#                          ^^ source.liquidsoap
#                            ^ source.liquidsoap string.quoted.double.liquidsoap
#                             ^^^^^^^^^^^^^^^^^^^^^^^^^^^^^^^^^^^^^^^^^^ source.liquidsoap string.quoted.double.liquidsoap
#                                                                       ^ source.liquidsoap string.quoted.double.liquidsoap
#                                                                        ^^ source.liquidsoap
>  ]))
#^^^^^^ source.liquidsoap
>  test.equals(content_disposition.type, "attachment")
#^^^^^^^^^^^^^^^^^^^^^^^^^^^^^^^^^^^^^^^^ source.liquidsoap
#                                        ^ source.liquidsoap string.quoted.double.liquidsoap
#                                         ^^^^^^^^^^ source.liquidsoap string.quoted.double.liquidsoap
#                                                   ^ source.liquidsoap string.quoted.double.liquidsoap
#                                                    ^^ source.liquidsoap
>  test.equals(content_disposition?.filename, "Na誰ve file.txt")
#^^^^^^^^^^^^^^^^^^^^^^^^^^^^^^^^^^^^^^^^^^^^^ source.liquidsoap
#                                             ^ source.liquidsoap string.quoted.double.liquidsoap
#                                              ^^^^^^^^^^^^^^ source.liquidsoap string.quoted.double.liquidsoap
#                                                            ^ source.liquidsoap string.quoted.double.liquidsoap
#                                                             ^^ source.liquidsoap
>  test.equals(content_disposition.args, [])
#^^^^^^^^^^^^^^^^^^^^^^^^^^^^^^^^^^^^^^^^^^^^ source.liquidsoap
>
>  content_disposition = null.get(http.headers.content_disposition([
#^^^^^^^^^^^^^^^^^^^^^^^^^^^^^^^^^^^^^^^^^^^^^^^^^^^^^^^^^^^^^^^^^^^^ source.liquidsoap
>    ('Content-Disposition', "attachment; filename=Na誰ve file.txt")
#^^^^^ source.liquidsoap
#     ^ source.liquidsoap string.quoted.single.liquidsoap
#      ^^^^^^^^^^^^^^^^^^^ source.liquidsoap string.quoted.single.liquidsoap
#                         ^ source.liquidsoap string.quoted.single.liquidsoap
#                          ^^ source.liquidsoap
#                            ^ source.liquidsoap string.quoted.double.liquidsoap
#                             ^^^^^^^^^^^^^^^^^^^^^^^^^^^^^^^^^^^ source.liquidsoap string.quoted.double.liquidsoap
#                                                                ^ source.liquidsoap string.quoted.double.liquidsoap
#                                                                 ^^ source.liquidsoap
>  ]))
#^^^^^^ source.liquidsoap
>  test.equals(content_disposition.type, "attachment")
#^^^^^^^^^^^^^^^^^^^^^^^^^^^^^^^^^^^^^^^^ source.liquidsoap
#                                        ^ source.liquidsoap string.quoted.double.liquidsoap
#                                         ^^^^^^^^^^ source.liquidsoap string.quoted.double.liquidsoap
#                                                   ^ source.liquidsoap string.quoted.double.liquidsoap
#                                                    ^^ source.liquidsoap
>  test.equals(content_disposition?.filename, "Na誰ve file.txt")
#^^^^^^^^^^^^^^^^^^^^^^^^^^^^^^^^^^^^^^^^^^^^^ source.liquidsoap
#                                             ^ source.liquidsoap string.quoted.double.liquidsoap
#                                              ^^^^^^^^^^^^^^ source.liquidsoap string.quoted.double.liquidsoap
#                                                            ^ source.liquidsoap string.quoted.double.liquidsoap
#                                                             ^^ source.liquidsoap
>  test.equals(content_disposition.args, [])
#^^^^^^^^^^^^^^^^^^^^^^^^^^^^^^^^^^^^^^^^^^^^ source.liquidsoap
>
>  content_disposition = null.get(http.headers.content_disposition([
#^^^^^^^^^^^^^^^^^^^^^^^^^^^^^^^^^^^^^^^^^^^^^^^^^^^^^^^^^^^^^^^^^^^^ source.liquidsoap
>    ('coNtent-dispOsition', "attachment; filename*=UTF-8''Na%C3%AFve%20file.txt; name=\"gni%20gno\"; foo=bla")
#^^^^^ source.liquidsoap
#     ^ source.liquidsoap string.quoted.single.liquidsoap
#      ^^^^^^^^^^^^^^^^^^^ source.liquidsoap string.quoted.single.liquidsoap
#                         ^ source.liquidsoap string.quoted.single.liquidsoap
#                          ^^ source.liquidsoap
#                            ^ source.liquidsoap string.quoted.double.liquidsoap
#                             ^^^^^^^^^^^^^^^^^^^^^^^^^^^^^^^^^^^^^^^^^^^^^^^^^^^^^^^^^ source.liquidsoap string.quoted.double.liquidsoap
#                                                                                      ^^ source.liquidsoap string.quoted.double.liquidsoap constant.character.escape.liquidsoap
#                                                                                        ^^^^^^^^^ source.liquidsoap string.quoted.double.liquidsoap
#                                                                                                 ^^ source.liquidsoap string.quoted.double.liquidsoap constant.character.escape.liquidsoap
#                                                                                                   ^^^^^^^^^ source.liquidsoap string.quoted.double.liquidsoap
#                                                                                                            ^ source.liquidsoap string.quoted.double.liquidsoap
#                                                                                                             ^^ source.liquidsoap
>  ]))
#^^^^^^ source.liquidsoap
>  test.equals(content_disposition.type, "attachment")
#^^^^^^^^^^^^^^^^^^^^^^^^^^^^^^^^^^^^^^^^ source.liquidsoap
#                                        ^ source.liquidsoap string.quoted.double.liquidsoap
#                                         ^^^^^^^^^^ source.liquidsoap string.quoted.double.liquidsoap
#                                                   ^ source.liquidsoap string.quoted.double.liquidsoap
#                                                    ^^ source.liquidsoap
>  test.equals(content_disposition?.filename, "Na誰ve file.txt")
#^^^^^^^^^^^^^^^^^^^^^^^^^^^^^^^^^^^^^^^^^^^^^ source.liquidsoap
#                                             ^ source.liquidsoap string.quoted.double.liquidsoap
#                                              ^^^^^^^^^^^^^^ source.liquidsoap string.quoted.double.liquidsoap
#                                                            ^ source.liquidsoap string.quoted.double.liquidsoap
#                                                             ^^ source.liquidsoap
>  test.equals(content_disposition?.name, "gni gno");
#^^^^^^^^^^^^^^^^^^^^^^^^^^^^^^^^^^^^^^^^^ source.liquidsoap
#                                         ^ source.liquidsoap string.quoted.double.liquidsoap
#                                          ^^^^^^^ source.liquidsoap string.quoted.double.liquidsoap
#                                                 ^ source.liquidsoap string.quoted.double.liquidsoap
#                                                  ^^^ source.liquidsoap
>  test.equals(content_disposition.args, [("foo","bla")])
#^^^^^^^^^^^^^^^^^^^^^^^^^^^^^^^^^^^^^^^^^^ source.liquidsoap
#                                          ^ source.liquidsoap string.quoted.double.liquidsoap
#                                           ^^^ source.liquidsoap string.quoted.double.liquidsoap
#                                              ^ source.liquidsoap string.quoted.double.liquidsoap
#                                               ^ source.liquidsoap
#                                                ^ source.liquidsoap string.quoted.double.liquidsoap
#                                                 ^^^ source.liquidsoap string.quoted.double.liquidsoap
#                                                    ^ source.liquidsoap string.quoted.double.liquidsoap
#                                                     ^^^^ source.liquidsoap
>
>  test.pass()
#^^^^^^^^^^^^^^ source.liquidsoap
>end
#^^^ source.liquidsoap keyword.control.liquidsoap
>
>test.check(f)
#^^^^^^^^^^^^^^ source.liquidsoap
>