># Test uncaught errors.
#^^^^^^^^^^^^^^^^^^^^^^^^ source.liquidsoap comment.line.number-sign.liquidsoap
>
>def f() =
#^^^ source.liquidsoap keyword.control.liquidsoap
#   ^^^^^^^ source.liquidsoap
>  error.raise("testing exceptions")
#^^^^^^^^^^^^^^ source.liquidsoap
#              ^ source.liquidsoap string.quoted.double.liquidsoap
#               ^^^^^^^^^^^^^^^^^^ source.liquidsoap string.quoted.double.liquidsoap
#                                 ^ source.liquidsoap string.quoted.double.liquidsoap
#                                  ^^ source.liquidsoap
>end
#^^^ source.liquidsoap keyword.control.liquidsoap
>
>f()
#^^^^ source.liquidsoap
>