># @flag hidden
#^ source.liquidsoap comment.line.number-sign.liquidsoap
# ^^^^^^^^^^^^^ source.liquidsoap comment.line.number-sign.liquidsoap
>def youtube_playlist_parser(~pwd="",url) =
#^^^ source.liquidsoap keyword.other.function.definition.liquidsoap
#   ^ source.liquidsoap
#    ^^^^^^^^^^^^^^^^^^^^^^^ source.liquidsoap entity.name.function.binding.liquidsoap
#                           ^ source.liquidsoap
#                            ^ source.liquidsoap
#                             ^^^ source.liquidsoap variable.parameter.liquidsoap
#                                ^ source.liquidsoap
#                                 ^ source.liquidsoap string.quoted.double.liquidsoap
#                                  ^ source.liquidsoap string.quoted.double.liquidsoap
#                                   ^ source.liquidsoap keyword.other.liquidsoap punctuation.comma punctuation.separator.comma
#                                    ^^^ source.liquidsoap variable.liquidsoap
#                                       ^ source.liquidsoap
#                                        ^^ source.liquidsoap
>  ignore(pwd)
#^^ source.liquidsoap
#  ^^^^^^ source.liquidsoap meta.function-call.liquidsoap entity.name.function.liquidsoap
#        ^ source.liquidsoap meta.function-call.liquidsoap
#         ^^^ source.liquidsoap meta.function-call.liquidsoap variable.liquidsoap
#            ^ source.liquidsoap meta.function-call.liquidsoap
>  binary = null.get(settings.protocol.youtube_dl.path())
#^^ source.liquidsoap
#  ^^^^^^ source.liquidsoap entity.name.function.binding.liquidsoap
#        ^^ source.liquidsoap
#          ^ source.liquidsoap
#           ^^^^ source.liquidsoap variable.liquidsoap
#               ^ source.liquidsoap meta.function-call.liquidsoap
#                ^^^ source.liquidsoap meta.function-call.liquidsoap entity.name.function.liquidsoap
#                   ^ source.liquidsoap meta.function-call.liquidsoap
#                    ^^^^^^^^ source.liquidsoap meta.function-call.liquidsoap variable.liquidsoap
#                            ^ source.liquidsoap meta.function-call.liquidsoap keyword.other.liquidsoap
#                             ^^^^^^^^ source.liquidsoap meta.function-call.liquidsoap variable.method.liquidsoap
#                                     ^ source.liquidsoap meta.function-call.liquidsoap keyword.other.liquidsoap
#                                      ^^^^^^^^^^ source.liquidsoap meta.function-call.liquidsoap variable.method.liquidsoap
#                                                ^ source.liquidsoap meta.function-call.liquidsoap meta.function-call.liquidsoap
#                                                 ^^^^ source.liquidsoap meta.function-call.liquidsoap meta.function-call.liquidsoap entity.name.function.liquidsoap
#                                                     ^ source.liquidsoap meta.function-call.liquidsoap meta.function-call.liquidsoap
#                                                      ^ source.liquidsoap meta.function-call.liquidsoap meta.function-call.liquidsoap
#                                                       ^ source.liquidsoap meta.function-call.liquidsoap
>
>  def parse_line(line) =
#^^ source.liquidsoap
#  ^^^ source.liquidsoap keyword.other.function.definition.liquidsoap
#     ^ source.liquidsoap
#      ^^^^^^^^^^ source.liquidsoap entity.name.function.binding.liquidsoap
#                ^ source.liquidsoap
#                 ^^^^ source.liquidsoap variable.liquidsoap
#                     ^ source.liquidsoap
#                      ^^ source.liquidsoap
>    let json.parse ( parsed  : {url : string}? ) = line
#^^^^ source.liquidsoap
#    ^^^ source.liquidsoap keyword.other.function.declaration.liquidsoap
#       ^ source.liquidsoap
#        ^^^^^^^^^^ source.liquidsoap entity.name.function.binding.liquidsoap
#                  ^ source.liquidsoap
#                   ^^ source.liquidsoap
#                     ^^^^^^ source.liquidsoap variable.liquidsoap
#                           ^^ source.liquidsoap
#                             ^ source.liquidsoap meta.type-annotation.liquidsoap keyword.other.cast.liquidsoap
#                              ^ source.liquidsoap meta.type-annotation.liquidsoap
#                               ^ source.liquidsoap meta.type-annotation.liquidsoap
#                                ^^^ source.liquidsoap meta.type-annotation.liquidsoap entity.name.method.liquidsoap
#                                   ^^ source.liquidsoap meta.type-annotation.liquidsoap
#                                     ^^^^^^^ source.liquidsoap meta.type-annotation.liquidsoap
#                                            ^ source.liquidsoap meta.type-annotation.liquidsoap
#                                             ^ source.liquidsoap meta.type-annotation.liquidsoap keyword.other.liquidsoap
#                                              ^ source.liquidsoap meta.type-annotation.liquidsoap
#                                               ^ source.liquidsoap meta.type-annotation.liquidsoap
#                                                ^^^ source.liquidsoap
#                                                   ^^^^ source.liquidsoap variable.liquidsoap
>    parsed = parsed ?? {url = "foo"}
#^^^^ source.liquidsoap
#    ^^^^^^ source.liquidsoap entity.name.function.binding.liquidsoap
#          ^^ source.liquidsoap
#            ^ source.liquidsoap
#             ^^^^^^ source.liquidsoap variable.liquidsoap
#                   ^ source.liquidsoap
#                    ^^ source.liquidsoap keyword.operator.coalesce.liquidsoap
#                      ^ source.liquidsoap
#                       ^ source.liquidsoap
#                        ^^^ source.liquidsoap entity.name.method.liquidsoap
#                           ^^ source.liquidsoap
#                             ^ source.liquidsoap
#                              ^ source.liquidsoap string.quoted.double.liquidsoap
#                               ^^^ source.liquidsoap string.quoted.double.liquidsoap
#                                  ^ source.liquidsoap string.quoted.double.liquidsoap
#                                   ^ source.liquidsoap
>    url = parsed.url
#^^^^ source.liquidsoap
#    ^^^ source.liquidsoap entity.name.function.binding.liquidsoap
#       ^^ source.liquidsoap
#         ^ source.liquidsoap
#          ^^^^^^ source.liquidsoap variable.liquidsoap
#                ^ source.liquidsoap keyword.other.liquidsoap
#                 ^^^ source.liquidsoap variable.method.liquidsoap
>    ([],"youtube-dl:#{url}")
#^^^^^^^ source.liquidsoap
#       ^ source.liquidsoap keyword.other.liquidsoap punctuation.comma punctuation.separator.comma
#        ^ source.liquidsoap string.quoted.double.liquidsoap
#         ^^^^^^^^^^^ source.liquidsoap string.quoted.double.liquidsoap
#                    ^^ source.liquidsoap string.quoted.double.liquidsoap string.interpolation.liquidsoap
#                      ^^^ source.liquidsoap string.quoted.double.liquidsoap string.interpolation.liquidsoap variable.liquidsoap
#                         ^ source.liquidsoap string.quoted.double.liquidsoap string.interpolation.liquidsoap
#                          ^ source.liquidsoap string.quoted.double.liquidsoap
#                           ^^ source.liquidsoap
>  end
#^^ source.liquidsoap
#  ^^^ source.liquidsoap keyword.other.function.end.liquidsoap
>
>  if r/^youtube-pl/.test(url) then
#^^ source.liquidsoap
#  ^^ source.liquidsoap keyword.control.liquidsoap
#    ^ source.liquidsoap
#     ^^ source.liquidsoap string.regexp.liquidsoap
#       ^^^^^^^^^^^ source.liquidsoap string.regexp.liquidsoap
#                  ^ source.liquidsoap string.regexp.liquidsoap
#                   ^ source.liquidsoap meta.function-call.liquidsoap
#                    ^^^^ source.liquidsoap meta.function-call.liquidsoap entity.name.function.liquidsoap
#                        ^ source.liquidsoap meta.function-call.liquidsoap
#                         ^^^ source.liquidsoap meta.function-call.liquidsoap variable.liquidsoap
#                            ^ source.liquidsoap meta.function-call.liquidsoap
#                             ^ source.liquidsoap
#                              ^^^^ source.liquidsoap keyword.control.liquidsoap
>    uri = list.nth(default="",r/:/.split(url), 1)
#^^^^ source.liquidsoap
#    ^^^ source.liquidsoap entity.name.function.binding.liquidsoap
#       ^^ source.liquidsoap
#         ^ source.liquidsoap
#          ^^^^ source.liquidsoap variable.liquidsoap
#              ^ source.liquidsoap meta.function-call.liquidsoap
#               ^^^ source.liquidsoap meta.function-call.liquidsoap entity.name.function.liquidsoap
#                  ^ source.liquidsoap meta.function-call.liquidsoap
#                   ^^^^^^^ source.liquidsoap meta.function-call.liquidsoap variable.language.arguments.named.liquidsoap
#                          ^ source.liquidsoap meta.function-call.liquidsoap
#                           ^ source.liquidsoap meta.function-call.liquidsoap string.quoted.double.liquidsoap
#                            ^ source.liquidsoap meta.function-call.liquidsoap string.quoted.double.liquidsoap
#                             ^ source.liquidsoap meta.function-call.liquidsoap keyword.other.liquidsoap punctuation.comma punctuation.separator.comma
#                              ^^ source.liquidsoap meta.function-call.liquidsoap string.regexp.liquidsoap
#                                ^ source.liquidsoap meta.function-call.liquidsoap string.regexp.liquidsoap
#                                 ^ source.liquidsoap meta.function-call.liquidsoap string.regexp.liquidsoap
#                                  ^ source.liquidsoap meta.function-call.liquidsoap meta.function-call.liquidsoap
#                                   ^^^^^ source.liquidsoap meta.function-call.liquidsoap meta.function-call.liquidsoap entity.name.function.liquidsoap
#                                        ^ source.liquidsoap meta.function-call.liquidsoap meta.function-call.liquidsoap
#                                         ^^^ source.liquidsoap meta.function-call.liquidsoap meta.function-call.liquidsoap variable.liquidsoap
#                                            ^ source.liquidsoap meta.function-call.liquidsoap meta.function-call.liquidsoap
#                                             ^ source.liquidsoap meta.function-call.liquidsoap keyword.other.liquidsoap punctuation.comma punctuation.separator.comma
#                                              ^ source.liquidsoap meta.function-call.liquidsoap
#                                               ^ source.liquidsoap meta.function-call.liquidsoap constant.numeric.decimal.integer.liquidsoap
#                                                ^ source.liquidsoap meta.function-call.liquidsoap
>    list.map(parse_line, process.read.lines("#{binary} -j --flat-playlist #{uri}"))
#^^^^ source.liquidsoap
#    ^^^^ source.liquidsoap variable.liquidsoap
#        ^ source.liquidsoap meta.function-call.liquidsoap
#         ^^^ source.liquidsoap meta.function-call.liquidsoap entity.name.function.liquidsoap
#            ^ source.liquidsoap meta.function-call.liquidsoap
#             ^^^^^^^^^^ source.liquidsoap meta.function-call.liquidsoap variable.liquidsoap
#                       ^ source.liquidsoap meta.function-call.liquidsoap keyword.other.liquidsoap punctuation.comma punctuation.separator.comma
#                        ^ source.liquidsoap meta.function-call.liquidsoap
#                         ^^^^^^^ source.liquidsoap meta.function-call.liquidsoap variable.liquidsoap
#                                ^ source.liquidsoap meta.function-call.liquidsoap keyword.other.liquidsoap
#                                 ^^^^ source.liquidsoap meta.function-call.liquidsoap variable.method.liquidsoap
#                                     ^ source.liquidsoap meta.function-call.liquidsoap meta.function-call.liquidsoap
#                                      ^^^^^ source.liquidsoap meta.function-call.liquidsoap meta.function-call.liquidsoap entity.name.function.liquidsoap
#                                           ^ source.liquidsoap meta.function-call.liquidsoap meta.function-call.liquidsoap
#                                            ^ source.liquidsoap meta.function-call.liquidsoap meta.function-call.liquidsoap string.quoted.double.liquidsoap
#                                             ^^ source.liquidsoap meta.function-call.liquidsoap meta.function-call.liquidsoap string.quoted.double.liquidsoap string.interpolation.liquidsoap
#                                               ^^^^^^ source.liquidsoap meta.function-call.liquidsoap meta.function-call.liquidsoap string.quoted.double.liquidsoap string.interpolation.liquidsoap variable.liquidsoap
#                                                     ^ source.liquidsoap meta.function-call.liquidsoap meta.function-call.liquidsoap string.quoted.double.liquidsoap string.interpolation.liquidsoap
#                                                      ^^^^^^^^^^^^^^^^^^^^ source.liquidsoap meta.function-call.liquidsoap meta.function-call.liquidsoap string.quoted.double.liquidsoap
#                                                                          ^^ source.liquidsoap meta.function-call.liquidsoap meta.function-call.liquidsoap string.quoted.double.liquidsoap string.interpolation.liquidsoap
#                                                                            ^^^ source.liquidsoap meta.function-call.liquidsoap meta.function-call.liquidsoap string.quoted.double.liquidsoap string.interpolation.liquidsoap variable.liquidsoap
#                                                                               ^ source.liquidsoap meta.function-call.liquidsoap meta.function-call.liquidsoap string.quoted.double.liquidsoap string.interpolation.liquidsoap
#                                                                                ^ source.liquidsoap meta.function-call.liquidsoap meta.function-call.liquidsoap string.quoted.double.liquidsoap
#                                                                                 ^ source.liquidsoap meta.function-call.liquidsoap meta.function-call.liquidsoap
#                                                                                  ^ source.liquidsoap meta.function-call.liquidsoap
>  else
#^^ source.liquidsoap
#  ^^^^ source.liquidsoap keyword.control.liquidsoap
>    []
#^^^^^^^ source.liquidsoap
>  end
#^^ source.liquidsoap
#  ^^^ source.liquidsoap keyword.control.liquidsoap
>end
#^^^ source.liquidsoap keyword.other.function.end.liquidsoap
>playlist.parse.register(format="youtube-dl",strict=true,youtube_playlist_parser)
#^^^^^^^^ source.liquidsoap variable.liquidsoap
#        ^ source.liquidsoap keyword.other.liquidsoap
#         ^^^^^ source.liquidsoap variable.method.liquidsoap
#              ^ source.liquidsoap meta.function-call.liquidsoap
#               ^^^^^^^^ source.liquidsoap meta.function-call.liquidsoap entity.name.function.liquidsoap
#                       ^ source.liquidsoap meta.function-call.liquidsoap
#                        ^^^^^^ source.liquidsoap meta.function-call.liquidsoap variable.language.arguments.named.liquidsoap
#                              ^ source.liquidsoap meta.function-call.liquidsoap
#                               ^ source.liquidsoap meta.function-call.liquidsoap string.quoted.double.liquidsoap
#                                ^^^^^^^^^^ source.liquidsoap meta.function-call.liquidsoap string.quoted.double.liquidsoap
#                                          ^ source.liquidsoap meta.function-call.liquidsoap string.quoted.double.liquidsoap
#                                           ^ source.liquidsoap meta.function-call.liquidsoap keyword.other.liquidsoap punctuation.comma punctuation.separator.comma
#                                            ^^^^^^ source.liquidsoap meta.function-call.liquidsoap variable.language.arguments.named.liquidsoap
#                                                  ^ source.liquidsoap meta.function-call.liquidsoap
#                                                   ^^^^ source.liquidsoap meta.function-call.liquidsoap constant.language.boolean.liquidsoap
#                                                       ^ source.liquidsoap meta.function-call.liquidsoap keyword.other.liquidsoap punctuation.comma punctuation.separator.comma
#                                                        ^^^^^^^^^^^^^^^^^^^^^^^ source.liquidsoap meta.function-call.liquidsoap variable.liquidsoap
#                                                                               ^ source.liquidsoap meta.function-call.liquidsoap
>