># Testing tricky situation wrt channels. Because we have a function, the sineF
#^^^^^^^^^^^^^^^^^^^^^^^^^^^^^^^^^^^^^^^^^^^^^^^^^^^^^^^^^^^^^^^^^^^^^^^^^^^^^^^ source.liquidsoap comment.line.number-sign.liquidsoap
># source only knows that it is of type ('a,0,0). The fact that it has to be mono
#^^^^^^^^^^^^^^^^^^^^^^^^^^^^^^^^^^^^^^^^^^^^^^^^^^^^^^^^^^^^^^^^^^^^^^^^^^^^^^^^^ source.liquidsoap comment.line.number-sign.liquidsoap
># (because of the add) has to be determined by unification at execution time.
#^^^^^^^^^^^^^^^^^^^^^^^^^^^^^^^^^^^^^^^^^^^^^^^^^^^^^^^^^^^^^^^^^^^^^^^^^^^^^^ source.liquidsoap comment.line.number-sign.liquidsoap
>
>log.level.set(4)
#^^^^^^^^^^^^^^ source.liquidsoap
#              ^ source.liquidsoap constant.numeric.integer
#               ^^ source.liquidsoap
>
>def f()
#^^^ source.liquidsoap keyword.control.liquidsoap
#   ^^^^^ source.liquidsoap
>  sine(id="sineF",880.)
#^^^^^^^^^^ source.liquidsoap
#          ^ source.liquidsoap string.quoted.double.liquidsoap
#           ^^^^^ source.liquidsoap string.quoted.double.liquidsoap
#                ^ source.liquidsoap string.quoted.double.liquidsoap
#                 ^ source.liquidsoap
#                  ^^^ source.liquidsoap constant.numeric.integer
#                     ^^^ source.liquidsoap
>end
#^^^ source.liquidsoap keyword.control.liquidsoap
>
>s = mean(sine(id="sine"))
#^^^^^^^^^^^^^^^^^ source.liquidsoap
#                 ^ source.liquidsoap string.quoted.double.liquidsoap
#                  ^^^^ source.liquidsoap string.quoted.double.liquidsoap
#                      ^ source.liquidsoap string.quoted.double.liquidsoap
#                       ^^^ source.liquidsoap
>s = add([s , f()])
#^^^^^^^^^^^^^^^^^^^ source.liquidsoap
>
>output.dummy(s)
#^^^^^^^^^^^^^^^^ source.liquidsoap
>thread.run(delay=1., {test.pass(); shutdown()})
#^^^^^^^^^^^^^^^^^ source.liquidsoap
#                 ^ source.liquidsoap constant.numeric.integer
#                  ^^^^^^^^^^^^^^^^^^^^^^^^^^^^^^ source.liquidsoap
>