>def f() =
#^^^ source.liquidsoap keyword.control.liquidsoap
#   ^^^^^^^ source.liquidsoap
>  def on_error(_) =
#^^ source.liquidsoap
#  ^^^ source.liquidsoap keyword.control.liquidsoap
#     ^^^^^^^^^^^^^^^ source.liquidsoap
>    test.fail()
#^^^^^^^^^^^^^^^^ source.liquidsoap
>  end
#^^ source.liquidsoap
#  ^^^ source.liquidsoap keyword.control.liquidsoap
>
>  # Test string.trim on url input.
#^^ source.liquidsoap
#  ^^^^^^^^^^^^^^^^^^^^^^^^^^^^^^^^^ source.liquidsoap comment.line.number-sign.liquidsoap
>  output.dummy(
#^^^^^^^^^^^^^^^^ source.liquidsoap
>    input.ffmpeg(on_connect=test.pass, on_error=on_error, " ./file1.mp3\n"),
#^^^^^^^^^^^^^^^^^^^^^^^^^^^^^^^^^^^^^^^^^^^^^^^^^^^^^^^^^^ source.liquidsoap
#                                                          ^ source.liquidsoap string.quoted.double.liquidsoap
#                                                           ^^^^^^^^^^^^ source.liquidsoap string.quoted.double.liquidsoap
#                                                                       ^^ source.liquidsoap string.quoted.double.liquidsoap constant.character.escape.liquidsoap
#                                                                         ^ source.liquidsoap string.quoted.double.liquidsoap
#                                                                          ^^^ source.liquidsoap
>    fallible=true
#^^^^^^^^^^^^^^^^^^ source.liquidsoap
>  )
#^^^^ source.liquidsoap
>end
#^^^ source.liquidsoap keyword.control.liquidsoap
>
>test.check(f)
#^^^^^^^^^^^^^^ source.liquidsoap
>