>#!../../liquidsoap ../test.liq
#^^^^^^^^^^^^^^^^^^^^^^^^^^^^^^^ source.liquidsoap comment.line.number-sign.liquidsoap
>
>s = (single("file1.png"):source(video=canvas))
#^^^^^^^^^^^^ source.liquidsoap
#            ^ source.liquidsoap string.quoted.double.liquidsoap
#             ^^^^^^^^^ source.liquidsoap string.quoted.double.liquidsoap
#                      ^ source.liquidsoap string.quoted.double.liquidsoap
#                       ^^^^^^^^^^^^^^^^^^^^^^^^ source.liquidsoap
>output.dummy(fallible=true, s)
#^^^^^^^^^^^^^^^^^^^^^^^^^^^^^^^ source.liquidsoap
>
>thread.run(delay=3., test.pass)
#^^^^^^^^^^^^^^^^^ source.liquidsoap
#                 ^ source.liquidsoap constant.numeric.integer
#                  ^^^^^^^^^^^^^^ source.liquidsoap
>