># Stretch (as well as soundtouch) uses the Child_support clock control
#^^^^^^^^^^^^^^^^^^^^^^^^^^^^^^^^^^^^^^^^^^^^^^^^^^^^^^^^^^^^^^^^^^^^^^^ source.liquidsoap comment.line.number-sign.liquidsoap
># mechanism. We want to make sure that it properly propagates end-of-tracks
#^^^^^^^^^^^^^^^^^^^^^^^^^^^^^^^^^^^^^^^^^^^^^^^^^^^^^^^^^^^^^^^^^^^^^^^^^^^^ source.liquidsoap comment.line.number-sign.liquidsoap
># to its underlying outputs/sources.
#^^^^^^^^^^^^^^^^^^^^^^^^^^^^^^^^^^^^^ source.liquidsoap comment.line.number-sign.liquidsoap
>
>s = once(blank(duration=10.))
#^^^^^^^^^^^^^^^^^^^^^^^^ source.liquidsoap
#                        ^^ source.liquidsoap constant.numeric.integer
#                          ^^^^ source.liquidsoap
>
>def on_stop() =
#^^^ source.liquidsoap keyword.control.liquidsoap
#   ^^^^^^^^^^^^^ source.liquidsoap
>  test.pass()
#^^^^^^^^^^^^^^ source.liquidsoap
>end
#^^^ source.liquidsoap keyword.control.liquidsoap
>
>output.dummy(fallible=true, on_stop=on_stop, s)
#^^^^^^^^^^^^^^^^^^^^^^^^^^^^^^^^^^^^^^^^^^^^^^^^ source.liquidsoap
>
>s = stretch(ratio=2., s)
#^^^^^^^^^^^^^^^^^^ source.liquidsoap
#                  ^ source.liquidsoap constant.numeric.integer
#                   ^^^^^^ source.liquidsoap
>
>clock.assign_new(sync="none",[s])
#^^^^^^^^^^^^^^^^^^^^^^ source.liquidsoap
#                      ^ source.liquidsoap string.quoted.double.liquidsoap
#                       ^^^^ source.liquidsoap string.quoted.double.liquidsoap
#                           ^ source.liquidsoap string.quoted.double.liquidsoap
#                            ^^^^^^ source.liquidsoap
>
>output.dummy(fallible=true, s)
#^^^^^^^^^^^^^^^^^^^^^^^^^^^^^^^ source.liquidsoap
>