>a = ()
#^^^^^^^ source.liquidsoap
>
># My function
#^^^^^^^^^^^^^^ source.liquidsoap comment.line.number-sign.liquidsoap
># @param ~x The parameter.
#^^^^^^^^^^^^^^^^^^^^^^^^^^^ source.liquidsoap comment.line.number-sign.liquidsoap
>def a.b(~x)
#^^^ source.liquidsoap keyword.control.liquidsoap
#   ^^^^^^^^^ source.liquidsoap
>  x
#^^^^ source.liquidsoap
>end
#^^^ source.liquidsoap keyword.control.liquidsoap
>
>def f()
#^^^ source.liquidsoap keyword.control.liquidsoap
#   ^^^^^ source.liquidsoap
>  ignore(a)
#^^^^^^^^^^^^ source.liquidsoap
>  test.pass()
#^^^^^^^^^^^^^^ source.liquidsoap
>end
#^^^ source.liquidsoap keyword.control.liquidsoap
>
>test.check(f)
#^^^^^^^^^^^^^^ source.liquidsoap
>