>success = ref(false)
#^^^^^^^^^^^^^^^^^^^^^ source.liquidsoap
>
>fname = file.temp("liq","test")
#^^^^^^^^^^^^^^^^^^ source.liquidsoap
#                  ^ source.liquidsoap string.quoted.double.liquidsoap
#                   ^^^ source.liquidsoap string.quoted.double.liquidsoap
#                      ^ source.liquidsoap string.quoted.double.liquidsoap
#                       ^ source.liquidsoap
#                        ^ source.liquidsoap string.quoted.double.liquidsoap
#                         ^^^^ source.liquidsoap string.quoted.double.liquidsoap
#                             ^ source.liquidsoap string.quoted.double.liquidsoap
#                              ^^ source.liquidsoap
>
>def cleanup() =
#^^^ source.liquidsoap keyword.control.liquidsoap
#   ^^^^^^^^^^^^^ source.liquidsoap
>  file.remove(fname)
#^^^^^^^^^^^^^^^^^^^^^ source.liquidsoap
>end
#^^^ source.liquidsoap keyword.control.liquidsoap
>
>on_cleanup(cleanup)
#^^^^^^^^^^^^^^^^^^^^ source.liquidsoap
>
>file.write(data="abc", fname)
#^^^^^^^^^^^^^^^^ source.liquidsoap
#                ^ source.liquidsoap string.quoted.double.liquidsoap
#                 ^^^ source.liquidsoap string.quoted.double.liquidsoap
#                    ^ source.liquidsoap string.quoted.double.liquidsoap
#                     ^^^^^^^^^ source.liquidsoap
>file.watch(fname, {success := true})
#^^^^^^^^^^^^^^^^^^^^^^^^^^^^^^^^^^^^^ source.liquidsoap
>
>def write() =
#^^^ source.liquidsoap keyword.control.liquidsoap
#   ^^^^^^^^^^^ source.liquidsoap
>  file.write(data="xxx", fname)
#^^^^^^^^^^^^^^^^^^ source.liquidsoap
#                  ^ source.liquidsoap string.quoted.double.liquidsoap
#                   ^^^ source.liquidsoap string.quoted.double.liquidsoap
#                      ^ source.liquidsoap string.quoted.double.liquidsoap
#                       ^^^^^^^^^ source.liquidsoap
>end
#^^^ source.liquidsoap keyword.control.liquidsoap
>
>thread.run(delay=1., write)
#^^^^^^^^^^^^^^^^^ source.liquidsoap
#                 ^ source.liquidsoap constant.numeric.integer
#                  ^^^^^^^^^^ source.liquidsoap
>
>def check() =
#^^^ source.liquidsoap keyword.control.liquidsoap
#   ^^^^^^^^^^^ source.liquidsoap
>  if success() then test.pass() else test.fail() end
#^^ source.liquidsoap
#  ^^ source.liquidsoap keyword.control.liquidsoap
#    ^^^^^^^^^^^ source.liquidsoap
#               ^^^^ source.liquidsoap keyword.control.liquidsoap
#                   ^^^^^^^^^^^^^ source.liquidsoap
#                                ^^^^ source.liquidsoap keyword.control.liquidsoap
#                                    ^^^^^^^^^^^^^ source.liquidsoap
#                                                 ^^^ source.liquidsoap keyword.control.liquidsoap
>end
#^^^ source.liquidsoap keyword.control.liquidsoap
>
>thread.run(delay=3., check)
#^^^^^^^^^^^^^^^^^ source.liquidsoap
#                 ^ source.liquidsoap constant.numeric.integer
#                  ^^^^^^^^^^ source.liquidsoap
>
>output.dummy(blank())
#^^^^^^^^^^^^^^^^^^^^^^ source.liquidsoap
>